# https://try.github.io/levels/1/challenges/1

Initialize a Git repository

		git init

Checking the status

		git status

Adding changes

		git add octocat.txt

checking for changes

		git status

Commiting

		git commit -m "Add cute octocat story"

Adding all changes

		git add '*.txt'

Commining all changes

		git commit -m 'Add all the octocat files'

History

		git log

Remote Repositories

	git remote add origin https://github.com/try-git/gry_git.git

Pushing Remotely
	The -u tells Git to remember the parameters, so that 
	next time we can simply run 'git push'

		git push -u origin master

Pulling Remotely
	Check for changes on the repository and pull down any new changes 

		git pull origin master

Differences
	Take a look of different from the last commit
	THe most recent commit is refered to using the HEAD pointer

		git diff HEAD

Staged Differences
	Another great use for diff is looking at changes within files that have
	already been staged. Remember, staged files are files we have told git
	that are ready to be commited.

	Let's use 'git add' to stage 'octofamily/octodog.txt', which just added to
	the family

		git add octofamily/octodog.txt

Staged Difference (cont'd)

		git diff --staged

	git difftool -tool=kdiff3 sendmail.go


Resetting the Stage
	So now that octodog is part of the family, octocat is all depressed.
	Since we love octocat more than octodog, we'll turn his frown acound 
	by removing octodog.txt

	unstage files by using the 'git reset' command.

		git reset octofamily/octodog.txt

Undo
	'git reset' unstaged octodog.txt, but it's still there; just not staged anymore.

	files can be changed back to how they were at the last commit by using
	 'git checkout -- <target>'

		git checkout -- octocat.txt

Branching Out
	When developers are working on a feather or bug they'll often create
	a copy (aka. branch) of their code they can make separate commits to.
	THen when they're done they can merge this branch back into their
	main 'master' branch.

	let's create a branch called 'clean_up'

		git branch clean_up

Switching Branches
	if type 'git branch', will see two local branches: a main branch named master and 
	a new branch named 'clean_up'

	Switch branches using 'git checkout <branch>'

		git checkout clean_up

Removing All the Things
	using 'git rm' will not only remove the actual files from disk, but will also stage
	the removal of the files.

		git rm '*.txt'

Commiting Branch changes

		git commit -m "Remove all the cats"

Switching Back to master

		git checkout master

Preparing to Merge

		git merge clean_up

Keeping Things Clean
	use 'git branch -d <branch name>' to delete a branch

		git branch -d clean_up

The Final Push
		git push

Delete remote branch
	git push origin --delete <branchName>


*****************************************************************************************
two factor

git clone https://github.com/xxxxx

Username for 'https://github.com': Hello@test.com
Password for 'https://Hello@test.com@github.com': <personeal token instead of passwd>

curl -u <token>:x-oauth-basic https://github.com/<user>

# https://gist.github.com/wikimatze/9790374
git remote -v
git push

create ~/.netrc
	machine github.com
	login <user>
	password <token>
	protocol https


sudo apt-get install libgnome-keyring-dev
cd /usr/share/doc/git/contrib/credential/gnome-keyring/
sudo make
cd -
git config --global credentail.helper /usr/share/doc/git/contrib/credential/gnome-keyring/git-credential-gnome-keyring

OR 
git config --global credential.helper cache

to remove 
git config --global --edit
  681  git config --local credential.helper
  682  git config --global credential.helper
  683  git config --system credential.helper
  684  git config --local --edit
  685  git push origin master
  686  git config --local --unset credential.helper
  687  git config --global --unset credential.helper

********************************************************************************

git push
warning: push.default is unset; its implicit value has changed in
Git 2.0 from 'matching' to 'simple'. To squelch this message
and maintain the traditional behavior, use:

  git config --global push.default matching

To squelch this message and adopt the new behavior now, use:

  git config --global push.default simple

When push.default is set to 'matching', git will push local branches
to the remote branches that already exist with the same name.

Since Git 2.0, Git defaults to the more conservative 'simple'
behavior, which only pushes the current branch to the corresponding
remote branch that 'git pull' uses to update the current branch.

See 'git help config' and search for 'push.default' for further information.
(the 'simple' mode was introduced in Git 1.7.11. Use the similar mode
'current' instead of 'simple' if you sometimes use older versions of Git)

fatal: The current branch newfix has no upstream branch.
To push the current branch and set the remote as upstream, use

    git push --set-upstream origin newfix

git push --set-upstream origin <branch>


*****************************************************************************************
$ git branch first_branch
$ git checkout first_branch
$ git add *
$ git commit -m "add go dev container img generation code"

uncommit
	git reset --hard HEAD~1 <file> 	// probably throw away??

	git reset --soft HEAD~1 <file> 	// become staged
	git reset HEAD <file>		// to unstaged
	git checkout -- <file>		// to discard changes

# http://scottbarnham.com/blog/2009/03/09/gvim-menu-bar-missing/
# Git push branch
$ git push -u origin <branch>

# pull request from web
add reviewers in a new comment @ameenaslam @jessekoh @lucindaong @thiagocroce

// rebase if the master has moved 
$ git rebase master
$ git checkout master

$ git merge first_branch
fatal: Unable to read current working directory: No such file or directory

$ git pull origin master
From https://github.com/jamescth/MyGoExercise
 * branch            master     -> FETCH_HEAD

$ git branch --list
  first_branch
* master

$ git merge first_branch
Updating a70493d..0af398e
Fast-forward
 generate_base_img/generate_base_img.go | 53 ++++++++++++++++++++++++++++++++++++++++++++++
 generate_base_img/templ.go             | 87 ++++++++++++++++++++++++++++++++++++++++++++++++++++++++++++++++++++++++++++
 2 files changed, 140 insertions(+)
 create mode 100644 generate_base_img/generate_base_img.go
 create mode 100644 generate_base_img/templ.go


git push origin master

cleanup:
git push origin --delete <branch name>
git branch -d <branch name>


remote branch

   29  git remote -v
   30  git fetch origin
   31  git checkout -b otappmon origin/otappmon
   32  git status
   33  git pull
   34  git pull origin otappmon

*****************************************************************************************
Branch from a branch

$ git clone https://github.com/OmniTier/tools.git
$ cd tools/
$ git branch --list
* master

$ git checkout notificationIntegration
Branch notificationIntegration set up to track remote branch notificationIntegration from origin.
Switched to a new branch 'notificationIntegration'

$ git pull origin notificationIntegration
Username for 'https://github.com': 
Password for '': 
From https://github.com/OmniTier/tools
 * branch            notificationIntegration -> FETCH_HEAD
Already up-to-date.

$ git checkout -b ni_sendmail
Switched to a new branch 'ni_sendmail'

$ git status
On branch ni_sendmail
nothing to commit, working directory clean

$ git add *
$ git commit -m ...

$ git push origin  ni_sendmail

pull new request

$ git checkout notificationIntegration
Switched to branch 'notificationIntegration'
Your branch is up-to-date with 'origin/notificationIntegration'.

$ git merge ni_sendmail
Updating 9fc4325..709bb59
Fast-forward
 appsQATest/lib/util/sendmail.go      |  52 ++++++++++++++++
 appsQATest/lib/util/sendmail.py      | 192 +++++++++++++++++++++++++++++++++++++++++++++++++++++++++
 appsQATest/lib/util/sendmail_test.go |  36 +++++++++++
 3 files changed, 280 insertions(+)
 create mode 100644 appsQATest/lib/util/sendmail.go
 create mode 100755 appsQATest/lib/util/sendmail.py
 create mode 100644 appsQATest/lib/util/sendmail_test.go

$ git branch -d ni_sendmail

$ git push origin notificationIntegrationUsername for 'https://github.com': 
Password for '': 
Total 0 (delta 0), reused 0 (delta 0)
To https://github.com/OmniTier/tools.git
   9fc4325..709bb59  notificationIntegration -> notificationIntegration


*****************************************************************************************
http://stackoverflow.com/questions/11403407/git-asks-for-username-everytime-i-push
Store the passwd

$ git config credential.helper store
$ git push http://example.com/repo.git
Username: <type your username>
Password: <type your password>

*****************************************************************************************
ignore file

add *.swp to .gitignore
*****************************************************************************************
git fetch --all --prune


